[15:59:06] === cp-gpre pipeline starting ===
[15:59:06] Topics: 233  |  already done: 0  |  pending: 233
[15:59:06] Estimated time: ~233 minutes
[15:59:06] 
[1/233] Prefix Sums & Difference Arrays  (Arrays)
[15:59:06]   [prefix-sums] math model...
[16:00:06]   [prefix-sums] code model...
[16:00:33]   ✓  saved  |  ETA 339.1 min remaining
[16:00:33] 
[2/233] Heapsort  (Basic Data Structures)
[16:00:33]   [heapsort] math model...
[16:01:03]   [heapsort] code model...
[16:01:15]   ✓  saved  |  ETA 249.5 min remaining
[16:01:15] 
[3/233] Linked List  (Basic Data Structures)
[16:01:15]   [linked-list] math model...
[16:01:35]   [linked-list] code model...
[16:01:53]   ✓  saved  |  ETA 213.1 min remaining
[16:01:53] 
[4/233] Queue & Deque  (Basic Data Structures)
[16:01:53]   [queue] math model...
[16:02:14]   [queue] code model...
[16:02:25]   ✓  saved  |  ETA 189.7 min remaining
[16:02:25] 
[5/233] Stack  (Basic Data Structures)
[16:02:25]   [stack] math model...
[16:02:45]   [stack] code model...
[16:02:57]   ✓  saved  |  ETA 175.7 min remaining
[16:02:57] 
[6/233] Arrays & Basic Data Structures  (Dynamic Programming)
[16:02:57]   [arrays-basics] math model...
[16:03:14]   [arrays-basics] math attempt 1 failed: Invalid \escape: line 5 column 51 (char 957)
[16:03:39]   [arrays-basics] code model...
[16:04:03]   ✓  saved  |  ETA 187.7 min remaining
[16:04:04] 
[7/233] Brute Force & Complete Search  (Fundamentals)
[16:04:04]   [brute-force] math model...
[16:04:25]   [brute-force] code model...
[16:04:36]   ✓  saved  |  ETA 177.8 min remaining
[16:04:36] 
[8/233] C++ STL Essentials  (Fundamentals)
[16:04:36]   [stl-essentials] math model...
[16:05:01]   [stl-essentials] math attempt 1 failed: Invalid \escape: line 7 column 25 (char 1140)
[16:05:29]   [stl-essentials] code model...
[16:05:37]   ✓  saved  |  ETA 183.4 min remaining
[16:05:37] 
[9/233] Fast I/O & Pragmas  (Fundamentals)
[16:05:37]   [io-optimization] math model...
[16:06:01]   [io-optimization] code model...
[16:06:09]   ✓  saved  |  ETA 175.8 min remaining
[16:06:09] 
[10/233] Recursion & Induction  (Fundamentals)
[16:06:09]   [recursion] math model...
[16:06:30]   [recursion] code model...
[16:06:37]   ✓  saved  |  ETA 167.8 min remaining
[16:06:37] 
[11/233] Simulation  (Fundamentals)
[16:06:37]   [simulation] math model...
[16:06:57]   [simulation] code model...
[16:07:06]   ✓  saved  |  ETA 161.5 min remaining
[16:07:06] 
[12/233] Space Complexity  (Fundamentals)
[16:07:06]   [space-complexity] math model...
[16:07:25]   [space-complexity] code model...
[16:07:33]   ✓  saved  |  ETA 155.8 min remaining
[16:07:33] 
[13/233] Time & Space Complexity  (Fundamentals)
[16:07:33]   [time-complexity] math model...
[16:07:53]   [time-complexity] math attempt 1 failed: Invalid \escape: line 7 column 20 (char 773)
[16:08:17]   [time-complexity] math attempt 2 failed: Invalid \escape: line 5 column 58 (char 693)
[16:08:42]   [time-complexity] math attempt 3 failed: Invalid \escape: line 5 column 28 (char 538)
[16:08:44]   [time-complexity] code model...
[16:08:52]   ✓  saved  |  ETA 165.3 min remaining
[16:08:52] 
[14/233] Graph Theory Basics  (Graph Theory)
[16:08:52]   [graph-theory-basics] math model...
[16:09:11]   [graph-theory-basics] code model...
[16:09:24]   ✓  saved  |  ETA 161.2 min remaining
[16:09:24] 
[15/233] Sorting Algorithms  (Sorting & Searching)
[16:09:24]   [sorting] math model...
[16:09:47]   [sorting] math attempt 1 failed: Invalid \escape: line 5 column 28 (char 526)
[16:10:11]   [sorting] math attempt 2 failed: Invalid \escape: line 5 column 28 (char 539)
[16:10:32]   [sorting] math attempt 3 failed: Invalid \escape: line 5 column 28 (char 1015)
[16:10:34]   [sorting] code model...
[16:10:43]   ✓  saved  |  ETA 168.8 min remaining
[16:10:43] 
[16/233] Binary Search Tree  (Advanced Data Structures)
[16:10:43]   [bst] math model...
[16:11:01]   [bst] math attempt 1 failed: Invalid \escape: line 5 column 26 (char 510)
[16:11:25]   [bst] math attempt 2 failed: Invalid \escape: line 4 column 130 (char 707)
[16:11:46]   [bst] math attempt 3 failed: Invalid \escape: line 5 column 28 (char 652)
[16:11:48]   [bst] code model...
[16:12:08]   ✓  saved  |  ETA 176.9 min remaining
[16:12:08] 
[17/233] 2D Prefix Sums  (Arrays)
[16:12:08]   [2d-prefix-sums] math model...
[16:12:37]   [2d-prefix-sums] code model...
[16:12:53]   ✓  saved  |  ETA 175.3 min remaining
[16:12:53] 
[18/233] Divide & Conquer  (Arrays)
[16:12:53]   [divide-conquer] math model...
[16:13:15]   [divide-conquer] math attempt 1 failed: Invalid \escape: line 5 column 28 (char 977)
[16:13:41]   [divide-conquer] code model...
[16:14:00]   ✓  saved  |  ETA 178.1 min remaining
[16:14:00] 
[19/233] Kadane's Algorithm (Max Subarray)  (Arrays)
[16:14:00]   [kadane] math model...
[16:14:21]   [kadane] code model...
[16:14:31]   ✓  saved  |  ETA 173.7 min remaining
[16:14:31] 
[20/233] Monotonic Stack  (Basic Data Structures)
[16:14:31]   [monotonic-stack] math model...
[16:14:53]   [monotonic-stack] code model...
[16:15:05]   ✓  saved  |  ETA 170.2 min remaining
[16:15:05] 
[21/233] Priority Queue & Heaps  (Basic Data Structures)
[16:15:05]   [priority-queue] math model...
[16:15:25]   [priority-queue] math attempt 1 failed: Invalid \escape: line 5 column 26 (char 961)
[16:15:51]   [priority-queue] math attempt 2 failed: Invalid \escape: line 5 column 26 (char 1083)
[16:16:15]   [priority-queue] math attempt 3 failed: Invalid \escape: line 5 column 26 (char 977)
[16:16:17]   [priority-queue] code model...
[16:16:34]   ✓  saved  |  ETA 176.3 min remaining
[16:16:34] 
[22/233] 0/1 Knapsack & Variants  (Dynamic Programming)
[16:16:34]   [knapsack] math model...
[16:16:58]   [knapsack] math attempt 1 failed: Invalid \escape: line 5 column 128 (char 1015)
[16:17:25]   [knapsack] code model...
[16:17:38]   ✓  saved  |  ETA 177.8 min remaining
[16:17:38] 
[23/233] DP Fundamentals  (Dynamic Programming)
[16:17:38]   [dp-basics] math model...
[16:18:04]   [dp-basics] code model...
[16:18:17]   ✓  saved  |  ETA 175.1 min remaining
[16:18:17] 
[24/233] Edit Distance (Levenshtein)  (Dynamic Programming)
[16:18:17]   [edit-distance] math model...
[16:18:42]   [edit-distance] math attempt 1 failed: Invalid \escape: line 5 column 152 (char 1101)
[16:19:09]   [edit-distance] code model...
[16:19:22]   ✓  saved  |  ETA 176.6 min remaining
[16:19:22] 
[25/233] Longest Common Subsequence  (Dynamic Programming)
[16:19:22]   [lcs] math model...
[16:19:42]   [lcs] math attempt 1 failed: Invalid \escape: line 6 column 27 (char 1026)
[16:20:10]   [lcs] math attempt 2 failed: Invalid \escape: line 6 column 27 (char 1244)
[16:20:38]   [lcs] math attempt 3 failed: Invalid \escape: line 6 column 27 (char 1315)
[16:20:40]   [lcs] code model...
[16:20:55]   ✓  saved  |  ETA 181.6 min remaining
[16:20:55] 
[26/233] Longest Increasing Subsequence  (Dynamic Programming)
[16:20:55]   [lis] math model...
[16:21:13]   [lis] math attempt 1 failed: Invalid \escape: line 2 column 304 (char 305)
[16:21:39]   [lis] math attempt 2 failed: Invalid \escape: line 4 column 19 (char 590)
[16:22:05]   [lis] math attempt 3 failed: Invalid \escape: line 5 column 28 (char 1235)
[16:22:07]   [lis] code model...
[16:22:22]   ✓  saved  |  ETA 185.3 min remaining
[16:22:22] 
[27/233] Bit Manipulation  (Fundamentals)
[16:22:22]   [bit-manipulation] math model...
[16:22:38]   [bit-manipulation] math attempt 1 failed: Invalid \escape: line 4 column 211 (char 720)
[16:23:07]   [bit-manipulation] code model...
[16:23:27]   ✓  saved  |  ETA 185.8 min remaining
[16:23:27] 
[28/233] Constructive Algorithms  (Fundamentals)
[16:23:27]   [constructive] math model...
[16:23:43]   [constructive] math attempt 1 failed: Invalid \escape: line 5 column 29 (char 763)
[16:24:08]   [constructive] code model...
[16:24:17]   ✓  saved  |  ETA 184.4 min remaining
[16:24:17] 
[29/233] Pruning & Backtracking  (Fundamentals)
[16:24:17]   [pruning] math model...
[16:24:35]   [pruning] code model...
[16:24:46]   ✓  saved  |  ETA 180.6 min remaining
[16:24:46] 
[30/233] Polygon Area, Pick's Theorem, Lattice Points  (Geometry)
[16:24:46]   [polygon-area] math model...
[16:25:08]   [polygon-area] code model...
[16:25:26]   ✓  saved  |  ETA 178.2 min remaining
[16:25:26] 
[31/233] Bipartite Check & 2-Coloring  (Graph Traversal)
[16:25:26]   [bipartite-check] math model...
[16:25:46]   [bipartite-check] code model...
[16:26:02]   ✓  saved  |  ETA 175.5 min remaining
[16:26:02] 
[32/233] Breadth-First Search  (Graph Traversal)
[16:26:02]   [bfs] math model...
[16:26:26]   [bfs] code model...
[16:26:39]   ✓  saved  |  ETA 173.0 min remaining
[16:26:39] 
[33/233] Cycle Detection  (Graph Traversal)
[16:26:39]   [cycle-detection] math model...
[16:27:01]   [cycle-detection] code model...
[16:27:16]   ✓  saved  |  ETA 170.7 min remaining
[16:27:16] 
[34/233] Depth-First Search  (Graph Traversal)
[16:27:16]   [dfs] math model...
[16:27:41]   [dfs] code model...
[16:27:53]   ✓  saved  |  ETA 168.5 min remaining
[16:27:53] 
[35/233] Multi-Source BFS  (Graph Traversal)
[16:27:53]   [multi-source-bfs] math model...
[16:28:13]   [multi-source-bfs] code model...
[16:28:28]   ✓  saved  |  ETA 166.1 min remaining
[16:28:28] 
[36/233] Topological Sort (Kahn + DFS)  (Graph Traversal)
[16:28:28]   [toposort] math model...
[16:28:51]   [toposort] code model...
[16:29:11]   ✓  saved  |  ETA 164.6 min remaining
[16:29:11] 
[37/233] Greedy Algorithms  (Greedy)
[16:29:11]   [greedy] math model...
[16:29:31]   [greedy] math attempt 1 failed: Invalid \escape: line 5 column 28 (char 812)
[16:30:00]   [greedy] math attempt 2 failed: Invalid \escape: line 5 column 28 (char 669)
[16:30:30]   [greedy] math attempt 3 failed: Invalid \escape: line 5 column 38 (char 677)
[16:30:32]   [greedy] code model...
[16:30:45]   ✓  saved  |  ETA 167.6 min remaining
[16:30:45] 
[38/233] Interval Scheduling & Covering  (Greedy)
[16:30:45]   [interval-scheduling] math model...
[16:31:04]   [interval-scheduling] math attempt 1 failed: Invalid \escape: line 5 column 28 (char 976)
[16:31:27] 
⚠️  Interrupted. Progress saved.
[16:31:27] 
=== Done. 37 entries in data/db.json ===
[16:44:26] === cp-gpre pipeline starting ===
[16:44:26] Topics: 233  |  already done: 0  |  pending: 233
[16:44:26] Estimated time: ~233 minutes
[16:44:26] 
[1/233] Prefix Sums & Difference Arrays  (Arrays)
[16:44:26]   [prefix-sums] math model...
[16:45:06]   [prefix-sums] code model...
[16:45:38]   ✓  saved  |  ETA 277.9 min remaining
[16:45:38] 
[2/233] Heapsort  (Basic Data Structures)
[16:45:38]   [heapsort] math model...
[16:46:21]   [heapsort] math attempt 1 failed: Invalid control character at: line 4 column 470 (char 741)
[16:47:07]   [heapsort] math attempt 2 failed: Invalid control character at: line 4 column 298 (char 1308)
[16:47:47]   [heapsort] math attempt 3 failed: Invalid \escape: line 10 column 30 (char 2072)
[16:47:49]   [heapsort] code model...
[16:48:18]   ✓  saved  |  ETA 446.2 min remaining
[16:48:18] 
[3/233] Linked List  (Basic Data Structures)
[16:48:18]   [linked-list] math model...
[16:48:53]   [linked-list] math attempt 1 failed: Invalid control character at: line 5 column 276 (char 1254)
[16:49:25]   [linked-list] code model...
[16:49:52]   ✓  saved  |  ETA 417.2 min remaining
[16:49:52] 
[4/233] Queue & Deque  (Basic Data Structures)
[16:49:52]   [queue] math model...
[16:50:27]   [queue] code model...
[16:51:00]   ✓  saved  |  ETA 376.1 min remaining
[16:51:00] 
[5/233] Stack  (Basic Data Structures)
[16:51:00]   [stack] math model...
[16:51:33]   [stack] code model...
[16:51:56]   ✓  saved  |  ETA 342.0 min remaining
[16:51:56] 
[6/233] Arrays & Basic Data Structures  (Dynamic Programming)
[16:51:56]   [arrays-basics] math model...
[16:52:36]   [arrays-basics] math attempt 1 failed: Invalid control character at: line 4 column 455 (char 982)
[16:53:14]   [arrays-basics] math attempt 2 failed: Invalid control character at: line 6 column 321 (char 1863)
[16:53:49]   [arrays-basics] math attempt 3 failed: Invalid control character at: line 4 column 128 (char 1295)
[16:53:51]   [arrays-basics] code model...
[16:54:15]   ✓  saved  |  ETA 371.4 min remaining
[16:54:15] 
[7/233] Brute Force & Complete Search  (Fundamentals)
[16:54:15]   [brute-force] math model...
[16:54:52]   [brute-force] math attempt 1 failed: Invalid control character at: line 4 column 401 (char 764)
[16:55:30]   [brute-force] math attempt 2 failed: Invalid control character at: line 3 column 405 (char 815)
[16:56:03]   [brute-force] code model...
[16:56:29]   ✓  saved  |  ETA 389.0 min remaining
[16:56:29] 
[8/233] C++ STL Essentials  (Fundamentals)
[16:56:29]   [stl-essentials] math model...
[16:57:04]   [stl-essentials] code model...
[16:57:30]   ✓  saved  |  ETA 367.7 min remaining
[16:57:30] 
[9/233] Fast I/O & Pragmas  (Fundamentals)
[16:57:30]   [io-optimization] math model...
[16:58:01]   [io-optimization] code model...
[16:58:25]   ✓  saved  |  ETA 348.0 min remaining
[16:58:25] 
[10/233] Recursion & Induction  (Fundamentals)
[16:58:25]   [recursion] math model...
[16:59:03]   [recursion] code model...
[16:59:20]   ✓  saved  |  ETA 332.4 min remaining
[16:59:20] 
[11/233] Simulation  (Fundamentals)
[16:59:20]   [simulation] math model...
[16:59:58]   [simulation] code model...
[17:00:14]   [simulation] code attempt 1 failed: Expecting ',' delimiter: line 2 column 631 (char 632)
[17:00:38]   ✓  saved  |  ETA 326.9 min remaining
[17:00:38] 
[12/233] Space Complexity  (Fundamentals)
[17:00:38]   [space-complexity] math model...
[17:01:15]   [space-complexity] math attempt 1 failed: Invalid control character at: line 4 column 361 (char 646)
[17:02:03]   [space-complexity] math attempt 2 failed: Invalid control character at: line 4 column 137 (char 1676)
[17:02:43]   [space-complexity] math attempt 3 failed: Invalid control character at: line 4 column 296 (char 614)
[17:02:45]   [space-complexity] code model...
[17:03:15]   ✓  saved  |  ETA 346.6 min remaining
[17:03:15] 
[13/233] Time & Space Complexity  (Fundamentals)
[17:03:15]   [time-complexity] math model...
[17:03:52]   [time-complexity] math attempt 1 failed: Expecting ',' delimiter: line 9 column 13 (char 2460)
[17:04:28]   [time-complexity] code model...
[17:04:51]   ✓  saved  |  ETA 345.7 min remaining
[17:04:51] 
[14/233] Graph Theory Basics  (Graph Theory)
[17:04:51]   [graph-theory-basics] math model...
[17:05:21]   [graph-theory-basics] code model...
[17:05:53]   ✓  saved  |  ETA 335.7 min remaining
[17:05:53] 
[15/233] Sorting Algorithms  (Sorting & Searching)
[17:05:53]   [sorting] math model...
[17:06:31]   [sorting] math attempt 1 failed: Invalid control character at: line 4 column 404 (char 687)
[17:07:21]   [sorting] math attempt 2 failed: Invalid control character at: line 4 column 374 (char 813)
[17:08:03]   [sorting] code model...
[17:08:57]   ✓  saved  |  ETA 356.4 min remaining
[17:08:57] 
[16/233] Binary Search Tree  (Advanced Data Structures)
[17:08:57]   [bst] math model...
[17:09:39]   [bst] math attempt 1 failed: Invalid control character at: line 3 column 307 (char 879)
[17:10:28]   [bst] math attempt 2 failed: Expecting ':' delimiter: line 10 column 316 (char 3364)
[17:11:14]   [bst] code model...
[17:11:32]   ✓  saved  |  ETA 367.6 min remaining
[17:11:32] 
[17/233] 2D Prefix Sums  (Arrays)
[17:11:32]   [2d-prefix-sums] math model...
[17:12:18]   [2d-prefix-sums] math attempt 1 failed: Invalid control character at: line 4 column 425 (char 968)
[17:13:20]   [2d-prefix-sums] math attempt 2 failed: Invalid control character at: line 4 column 389 (char 811)
[17:14:06]   [2d-prefix-sums] code model...
[17:14:49]   ✓  saved  |  ETA 386.0 min remaining
[17:14:49] 
[18/233] Divide & Conquer  (Arrays)
[17:14:49]   [divide-conquer] math model...
[17:40:43] 
⚠️  Interrupted. Progress saved.
[17:40:43] 
=== Done. 17 entries in data/db.json ===
[17:40:45] === cp-gpre pipeline starting ===
[17:40:45] Topics: 233  |  already done: 17  |  pending: 216
[17:40:45] Estimated time: ~216 minutes
[17:40:45] 
[1/216] Divide & Conquer  (Arrays)
[17:40:45]   [divide-conquer] math model...
[17:42:45]   [divide-conquer] math attempt 1 failed: timed out
[17:44:50]   [divide-conquer] math attempt 2 failed: timed out
[17:46:55]   [divide-conquer] math attempt 3 failed: timed out
[17:46:57]   [divide-conquer] code model...
[17:47:24]   ✓  saved  |  ETA 1428.2 min remaining
[17:47:24] 
[2/216] Kadane's Algorithm (Max Subarray)  (Arrays)
[17:47:24]   [kadane] math model...
[17:48:13]   [kadane] math attempt 1 failed: Invalid control character at: line 4 column 316 (char 727)
[17:49:23]   [kadane] math attempt 2 failed: Expecting property name enclosed in double quotes: line 5 column 5 (char 675)
[17:50:15]   [kadane] math attempt 3 failed: Invalid control character at: line 4 column 279 (char 747)
[17:50:17]   [kadane] code model...
[17:50:41]   ✓  saved  |  ETA 1062.7 min remaining
[17:50:41] 
[3/216] Monotonic Stack  (Basic Data Structures)
[17:50:41]   [monotonic-stack] math model...
[17:51:33]   [monotonic-stack] math attempt 1 failed: Invalid control character at: line 4 column 513 (char 1057)
[17:52:09]   [monotonic-stack] code model...
[17:52:40]   ✓  saved  |  ETA 846.6 min remaining
[17:52:40] 
[4/216] Priority Queue & Heaps  (Basic Data Structures)
[17:52:40]   [priority-queue] math model...
[17:53:18]   [priority-queue] code model...
[17:53:47]   ✓  saved  |  ETA 690.6 min remaining
[17:53:47] 
[5/216] 0/1 Knapsack & Variants  (Dynamic Programming)
[17:53:47]   [knapsack] math model...
[17:54:37]   [knapsack] math attempt 1 failed: Invalid control character at: line 4 column 1138 (char 1663)
[17:55:20]   [knapsack] code model...
[17:55:52]   ✓  saved  |  ETA 638.3 min remaining
[17:55:52] 
[6/216] DP Fundamentals  (Dynamic Programming)
[17:55:52]   [dp-basics] math model...
[17:56:52]   [dp-basics] math attempt 1 failed: Expecting value: line 11 column 3 (char 4195)
[17:57:41]   [dp-basics] math attempt 2 failed: Invalid control character at: line 3 column 406 (char 796)
[17:58:27]   [dp-basics] code model...
[17:59:12]   ✓  saved  |  ETA 645.9 min remaining
[17:59:12] 
[7/216] Edit Distance (Levenshtein)  (Dynamic Programming)
[17:59:12]   [edit-distance] math model...
[18:00:09]   [edit-distance] math attempt 1 failed: Invalid control character at: line 6 column 444 (char 2190)
[18:01:07]   [edit-distance] math attempt 2 failed: Invalid control character at: line 4 column 283 (char 1139)
[18:02:02]   [edit-distance] math attempt 3 failed: Expecting ',' delimiter: line 4 column 421 (char 1796)
[18:02:04]   [edit-distance] code model...
[18:02:35]   ✓  saved  |  ETA 651.7 min remaining
[18:02:35] 
[8/216] Longest Common Subsequence  (Dynamic Programming)
[18:02:35]   [lcs] math model...
[18:03:16]   [lcs] math attempt 1 failed: Invalid control character at: line 4 column 141 (char 1239)
[18:04:14]   [lcs] math attempt 2 failed: Invalid control character at: line 3 column 290 (char 734)
[18:05:04]   [lcs] code model...
[18:06:28]   [lcs] code attempt 1 failed: Unterminated string starting at: line 2 column 10 (char 11)
[18:07:16]   ✓  saved  |  ETA 689.3 min remaining
[18:07:16] 
[9/216] Longest Increasing Subsequence  (Dynamic Programming)
[18:07:16]   [lis] math model...
[18:07:50]   [lis] math attempt 1 failed: Invalid \escape: line 10 column 30 (char 2209)
[18:08:30]   [lis] math attempt 2 failed: Invalid \escape: line 10 column 30 (char 2283)
[18:09:11]   [lis] math attempt 3 failed: Invalid \escape: line 10 column 30 (char 2386)
[18:09:13]   [lis] code model...
[18:09:39]   ✓  saved  |  ETA 664.7 min remaining
[18:09:39] 
[10/216] Bit Manipulation  (Fundamentals)
[18:09:39]   [bit-manipulation] math model...
[18:10:14]   [bit-manipulation] math attempt 1 failed: Invalid control character at: line 5 column 154 (char 1443)
[18:10:59]   [bit-manipulation] code model...
[18:12:25]   [bit-manipulation] code attempt 1 failed: Unterminated string starting at: line 2 column 10 (char 11)
[18:13:49]   [bit-manipulation] code attempt 2 failed: Unterminated string starting at: line 2 column 10 (char 11)
[18:14:20]   ✓  saved  |  ETA 691.7 min remaining
[18:14:20] 
[11/216] Constructive Algorithms  (Fundamentals)
[18:14:20]   [constructive] math model...
[18:15:02]   [constructive] code model...
[18:15:43]   [constructive] code attempt 1 failed: Expecting ',' delimiter: line 2 column 1890 (char 1891)
[18:16:41]   [constructive] code attempt 2 failed: Expecting ',' delimiter: line 2 column 3014 (char 3015)
[18:17:29]   ✓  saved  |  ETA 684.4 min remaining
[18:17:29] 
[12/216] Pruning & Backtracking  (Fundamentals)
[18:17:29]   [pruning] math model...
[18:18:13]   [pruning] code model...
[18:19:05]   ✓  saved  |  ETA 651.7 min remaining
[18:19:05] 
[13/216] Polygon Area, Pick's Theorem, Lattice Points  (Geometry)
[18:19:05]   [polygon-area] math model...
[18:19:41]   [polygon-area] code model...
[18:20:11]   ✓  saved  |  ETA 615.7 min remaining
[18:20:11] 
[14/216] Bipartite Check & 2-Coloring  (Graph Traversal)
[18:20:11]   [bipartite-check] math model...
[18:20:53]   [bipartite-check] math attempt 1 failed: Invalid control character at: line 4 column 326 (char 676)
[18:21:29]   [bipartite-check] math attempt 2 failed: Invalid control character at: line 4 column 197 (char 507)
[18:22:13]   [bipartite-check] code model...
[18:22:50]   ✓  saved  |  ETA 607.1 min remaining
[18:22:50] 
[15/216] Breadth-First Search  (Graph Traversal)
[18:22:50]   [bfs] math model...
[18:23:32]   [bfs] code model...
[18:24:09]   ✓  saved  |  ETA 581.6 min remaining
[18:24:09] 
[16/216] Cycle Detection  (Graph Traversal)
[18:24:09]   [cycle-detection] math model...
[18:24:44]   [cycle-detection] code model...
[18:25:18]   ✓  saved  |  ETA 557.0 min remaining
[18:25:18] 
[17/216] Depth-First Search  (Graph Traversal)
[18:25:18]   [dfs] math model...
[18:26:02]   [dfs] math attempt 1 failed: Invalid control character at: line 4 column 112 (char 1207)
[18:26:44]   [dfs] math attempt 2 failed: Invalid control character at: line 6 column 248 (char 1111)
[18:27:32]   [dfs] code model...
[18:28:00]   ✓  saved  |  ETA 553.1 min remaining
[18:28:00] 
[18/216] Multi-Source BFS  (Graph Traversal)
[18:28:00]   [multi-source-bfs] math model...
[18:28:39]   [multi-source-bfs] code model...
[18:29:06]   [multi-source-bfs] code attempt 1 failed: Expecting ',' delimiter: line 2 column 1672 (char 1673)
[18:29:40]   ✓  saved  |  ETA 538.1 min remaining
[18:29:40] 
[19/216] Topological Sort (Kahn + DFS)  (Graph Traversal)
[18:29:40]   [toposort] math model...
[18:30:22]   [toposort] math attempt 1 failed: Invalid control character at: line 4 column 427 (char 694)
[18:31:08]   [toposort] code model...
[18:31:46]   ✓  saved  |  ETA 529.0 min remaining
[18:31:46] 
[20/216] Greedy Algorithms  (Greedy)
[18:31:46]   [greedy] math model...
[18:32:30]   [greedy] math attempt 1 failed: Invalid control character at: line 6 column 141 (char 1402)
[18:33:19]   [greedy] math attempt 2 failed: Invalid control character at: line 4 column 445 (char 798)
[18:34:02]   [greedy] math attempt 3 failed: Invalid control character at: line 4 column 289 (char 731)
[18:34:04]   [greedy] code model...
[18:34:38]   ✓  saved  |  ETA 528.0 min remaining
[18:34:38] 
[21/216] Interval Scheduling & Covering  (Greedy)
[18:34:38]   [interval-scheduling] math model...
[18:35:10]   [interval-scheduling] code model...
[18:35:32]   ✓  saved  |  ETA 508.8 min remaining
[18:35:32] 
[22/216] Binary Exponentiation  (Number Theory)
[18:35:32]   [fast-power] math model...
[18:36:13]   [fast-power] code model...
[18:36:46]   ✓  saved  |  ETA 493.9 min remaining
[18:36:46] 
[23/216] GCD, LCM & Extended Euclidean  (Number Theory)
[18:36:46]   [gcd-lcm] math model...
[18:37:37]   [gcd-lcm] math attempt 1 failed: Invalid control character at: line 3 column 531 (char 1211)
[18:38:11]   [gcd-lcm] math attempt 2 failed: Invalid control character at: line 4 column 400 (char 1045)
[18:39:01]   [gcd-lcm] math attempt 3 failed: Invalid control character at: line 4 column 689 (char 1968)
[18:39:03]   [gcd-lcm] code model...
[18:39:32]   ✓  saved  |  ETA 493.3 min remaining
[18:39:32] 
[24/216] Modular Arithmetic  (Number Theory)
[18:39:32]   [modular-arith] math model...
[18:40:13]   [modular-arith] code model...
[18:40:49]   ✓  saved  |  ETA 480.5 min remaining
[18:40:49] 
[25/216] Modular Inverse & Fermat's Little Theorem  (Number Theory)
[18:40:49]   [modular-inverse] math model...
[18:41:41]   [modular-inverse] code model...
[18:42:08]   [modular-inverse] code attempt 1 failed: Expecting ',' delimiter: line 2 column 1178 (char 1179)
[18:42:45]   ✓  saved  |  ETA 473.7 min remaining
[18:42:45] 
[26/216] Prime Factorization  (Number Theory)
[18:42:45]   [prime-factorization] math model...
[18:43:22]   [prime-factorization] math attempt 1 failed: Invalid control character at: line 5 column 115 (char 1499)
[18:44:05]   [prime-factorization] math attempt 2 failed: Invalid control character at: line 4 column 106 (char 1123)
[18:44:52]   [prime-factorization] code model...
[18:45:19]   ✓  saved  |  ETA 471.9 min remaining
[18:45:19] 
[27/216] Sieve of Eratosthenes  (Number Theory)
[18:45:19]   [sieve] math model...
[18:46:12]   [sieve] math attempt 1 failed: Invalid control character at: line 4 column 412 (char 792)
[18:47:02]   [sieve] math attempt 2 failed: Invalid control character at: line 4 column 158 (char 588)
[18:47:39]   [sieve] math attempt 3 failed: Invalid control character at: line 4 column 126 (char 837)
[18:47:41]   [sieve] code model...
[18:48:00]   ✓  saved  |  ETA 470.8 min remaining
[18:48:00] 
[28/216] Stars and Bars  (Number Theory)
[18:48:00]   [stars-and-bars] math model...
[18:48:39]   [stars-and-bars] code model...
[18:49:02]   ✓  saved  |  ETA 458.5 min remaining
[18:49:02] 
[29/216] Binary Search  (Sorting & Searching)
[18:49:02]   [binary-search] math model...
[18:49:44]   [binary-search] math attempt 1 failed: Invalid control character at: line 6 column 426 (char 1115)
[18:50:24]   [binary-search] code model...
[18:50:50]   ✓  saved  |  ETA 451.9 min remaining
[18:50:50] 
[30/216] Binary Search on Answer  (Sorting & Searching)
[18:50:50]   [binary-search-answer] math model...
[18:51:34]   [binary-search-answer] math attempt 1 failed: Invalid control character at: line 3 column 370 (char 647)
[18:52:58]   [binary-search-answer] math attempt 2 failed: No JSON found in:

[18:53:51]   [binary-search-answer] code model...
[18:54:19]   ✓  saved  |  ETA 456.2 min remaining
[18:54:19] 
[31/216] Coordinate Compression  (Sorting & Searching)
[18:54:19]   [coordinate-compression] math model...
[18:55:41]   [coordinate-compression] math attempt 1 failed: No JSON found in:

[18:56:27]   [coordinate-compression] code model...
[18:56:48]   ✓  saved  |  ETA 453.9 min remaining
[18:56:48] 
[32/216] Counting Inversions (Merge Sort)  (Sorting & Searching)
[18:56:48]   [inversions] math model...
[18:57:20]   [inversions] code model...
[18:58:43]   [inversions] code attempt 1 failed: Unterminated string starting at: line 2 column 10 (char 11)
[19:00:07]   [inversions] code attempt 2 failed: Unterminated string starting at: line 2 column 10 (char 11)
[19:01:31]   [inversions] code attempt 3 failed: Unterminated string starting at: line 2 column 10 (char 11)
[19:01:33]   ✓  saved  |  ETA 464.6 min remaining
[19:01:33] 
[33/216] Sliding Window  (Sorting & Searching)
[19:01:33]   [sliding-window] math model...
[19:02:05]   [sliding-window] code model...
[19:02:33]   ✓  saved  |  ETA 453.6 min remaining
[19:02:33] 
[34/216] Two Pointers  (Sorting & Searching)
[19:02:33]   [two-pointers] math model...
[19:03:07]   [two-pointers] math attempt 1 failed: Invalid control character at: line 4 column 171 (char 722)
[19:03:54]   [two-pointers] math attempt 2 failed: Invalid control character at: line 3 column 171 (char 593)
[19:04:45]   [two-pointers] math attempt 3 failed: Invalid control character at: line 4 column 389 (char 941)
[19:04:47]   [two-pointers] code model...
[19:05:05]   ✓  saved  |  ETA 451.5 min remaining
[19:05:05] 
[35/216] Rabin-Karp Algorithm  (Strings)
[19:05:05]   [rabin-karp] math model...
[19:05:55]   [rabin-karp] math attempt 1 failed: Invalid control character at: line 4 column 503 (char 948)
[19:06:41]   [rabin-karp] math attempt 2 failed: Invalid control character at: line 4 column 407 (char 772)
[19:07:23]   [rabin-karp] math attempt 3 failed: Invalid control character at: line 4 column 279 (char 684)
[19:07:25]   [rabin-karp] code model...
[19:08:01]   ✓  saved  |  ETA 451.3 min remaining
[19:08:01] 
[36/216] String Hashing  (Strings)
[19:08:01]   [string-hashing] math model...
[19:08:36]   [string-hashing] code model...
[19:09:04]   ✓  saved  |  ETA 441.6 min remaining
[19:09:04] 
[37/216] AVL Tree  (Advanced Data Structures)
[19:09:04]   [avl-tree] math model...
[19:09:41]   [avl-tree] math attempt 1 failed: Invalid control character at: line 4 column 363 (char 714)
[19:10:21]   [avl-tree] code model...
[19:11:00]   ✓  saved  |  ETA 436.6 min remaining
[19:11:00] 
[38/216] Disjoint Set Union (Union-Find)  (Advanced Data Structures)
[19:11:00]   [dsu] math model...
[19:11:36]   [dsu] code model...
[19:12:11]   ✓  saved  |  ETA 428.3 min remaining
[19:12:11] 
[39/216] Fenwick Tree (BIT)  (Advanced Data Structures)
[19:12:11]   [fenwick-tree] math model...
[19:12:54]   [fenwick-tree] math attempt 1 failed: Invalid control character at: line 4 column 348 (char 650)
[19:13:34]   [fenwick-tree] math attempt 2 failed: Invalid control character at: line 4 column 231 (char 538)
[19:14:10]   [fenwick-tree] math attempt 3 failed: Invalid control character at: line 4 column 180 (char 1142)
[19:14:12]   [fenwick-tree] code model...
[19:14:33]   ✓  saved  |  ETA 425.7 min remaining
[19:14:33] 
[40/216] Red-Black Tree  (Advanced Data Structures)
[19:14:33]   [rb-tree] math model...
[19:15:10]   [rb-tree] math attempt 1 failed: Invalid control character at: line 3 column 467 (char 957)
[19:15:47]   [rb-tree] code model...
[19:17:06]   [rb-tree] code attempt 1 failed: Expecting ',' delimiter: line 2 column 7083 (char 7084)
[19:17:54]   ✓  saved  |  ETA 427.5 min remaining
[19:17:54] 
[41/216] Segment Tree  (Advanced Data Structures)
[19:17:54]   [segment-tree] math model...
[19:18:34]   [segment-tree] code model...
[19:19:05]   ✓  saved  |  ETA 419.7 min remaining
[19:19:05] 
[42/216] Segment Tree with Lazy Propagation  (Advanced Data Structures)
[19:19:05]   [lazy-seg-tree] math model...
[19:19:45] 
⚠️  Interrupted. Progress saved.
[19:19:45] 
=== Done. 58 entries in data/db.json ===
[10:24:55] === cp-gpre pipeline starting ===
[10:24:55] Topics: 233  |  already done: 58  |  pending: 175
[10:24:55] Estimated time: ~175 minutes
[10:24:55] 
[1/175] Segment Tree with Lazy Propagation  (Advanced Data Structures)
[10:24:55]   [lazy-seg-tree] math model...
[10:25:41]   [lazy-seg-tree] math attempt 1 failed: Invalid \escape: line 6 column 30 (char 2352)
[10:26:25]   [lazy-seg-tree] math attempt 2 failed: Invalid control character at: line 4 column 286 (char 715)
[10:27:05]   [lazy-seg-tree] code model...
[10:27:59]   ✓  saved  |  ETA 532.3 min remaining
[10:27:59] 
[2/175] Sparse Table & RMQ  (Advanced Data Structures)
[10:27:59]   [sparse-table] math model...
[10:28:41]   [sparse-table] math attempt 1 failed: Invalid control character at: line 4 column 243 (char 1091)
[10:29:30]   [sparse-table] math attempt 2 failed: Invalid \escape: line 10 column 30 (char 2530)
[10:30:26]   [sparse-table] math attempt 3 failed: Invalid control character at: line 3 column 337 (char 760)
[10:30:28]   [sparse-table] code model...
[10:30:55]   ✓  saved  |  ETA 518.3 min remaining
[10:30:55] 
[3/175] Expression Parsing & Shunting Yard  (Basic Data Structures)
[10:30:55]   [expression-parsing] math model...
[10:31:37]   [expression-parsing] math attempt 1 failed: Invalid control character at: line 4 column 361 (char 751)
[10:32:29]   [expression-parsing] math attempt 2 failed: Invalid control character at: line 4 column 340 (char 747)
[10:32:59]   [expression-parsing] math attempt 3 failed: Invalid control character at: line 4 column 151 (char 587)
[10:33:01]   [expression-parsing] code model...
[10:33:44]   ✓  saved  |  ETA 505.3 min remaining
[10:33:44] 
[4/175] Largest Rectangle in Histogram  (Basic Data Structures)
[10:33:44]   [largest-rectangle] math model...
[10:34:36]   [largest-rectangle] code model...
[10:35:04]   ✓  saved  |  ETA 434.0 min remaining
[10:35:04] 
[5/175] Monotonic Deque  (Basic Data Structures)
[10:35:04]   [monotonic-deque] math model...
[10:35:46]   [monotonic-deque] math attempt 1 failed: Invalid control character at: line 3 column 258 (char 720)
[10:36:22]   [monotonic-deque] code model...
[10:36:50]   ✓  saved  |  ETA 405.3 min remaining
[10:36:50] 
[6/175] Bitmask DP  (Dynamic Programming)
[10:36:50]   [bitmask-dp] math model...
[10:37:28]   [bitmask-dp] code model...
[10:37:56]   ✓  saved  |  ETA 366.5 min remaining
[10:37:56] 
[7/175] Bounded & Unbounded Knapsack  (Dynamic Programming)
[10:37:56]   [bounded-knapsack] math model...
[10:38:23]   [bounded-knapsack] code model...
[10:38:56]   ✓  saved  |  ETA 336.5 min remaining
[10:38:56] 
[8/175] DP Counting & Combinatorics  (Dynamic Programming)
[10:38:56]   [dp-counting] math model...
[10:39:35]   [dp-counting] math attempt 1 failed: Invalid control character at: line 4 column 142 (char 1419)
[10:40:59]   [dp-counting] math attempt 2 failed: No JSON found in:

[10:41:43]   [dp-counting] math attempt 3 failed: Invalid control character at: line 4 column 256 (char 641)
[10:41:45]   [dp-counting] code model...
[10:42:11]   ✓  saved  |  ETA 360.3 min remaining
[10:42:11] 
[9/175] DP on DAGs  (Dynamic Programming)
[10:42:11]   [dp-on-dags] math model...
[10:42:51]   [dp-on-dags] math attempt 1 failed: Expecting ':' delimiter: line 10 column 212 (char 2337)
[10:43:32]   [dp-on-dags] code model...
[10:44:08]   [dp-on-dags] code attempt 1 failed: Expecting ',' delimiter: line 2 column 1897 (char 1898)
[10:44:44]   [dp-on-dags] code attempt 2 failed: Expecting ',' delimiter: line 2 column 1781 (char 1782)
[10:45:19]   [dp-on-dags] code attempt 3 failed: Expecting ',' delimiter: line 2 column 1754 (char 1755)
[10:45:21]   ✓  saved  |  ETA 376.8 min remaining
[10:45:21] 
[10/175] Digit DP  (Dynamic Programming)
[10:45:21]   [digit-dp] math model...
[10:46:07]   [digit-dp] math attempt 1 failed: Invalid control character at: line 3 column 305 (char 761)
[10:46:54]   [digit-dp] code model...
[10:46:55] 
⚠️  Interrupted. Progress saved.
[10:46:55] 
=== Done. 67 entries in data/db.json ===
